[INFO] Scanning for projects...
[WARNING] 
[WARNING] Some problems were encountered while building the effective model for iuh.fit.edu:backend:jar:0.0.1-SNAPSHOT
[WARNING] 'dependencies.dependency.(groupId:artifactId:type:classifier)' must be unique: software.amazon.awssdk:cognitoidentityprovider:jar -> duplicate declaration of version 2.20.21 @ line 99, column 21
[WARNING] 'dependencies.dependency.(groupId:artifactId:type:classifier)' must be unique: com.auth0:java-jwt:jar -> duplicate declaration of version 4.4.0 @ line 104, column 21
[WARNING] 'dependencies.dependency.(groupId:artifactId:type:classifier)' must be unique: software.amazon.awssdk:s3:jar -> version 2.20.21 vs 2.20.0 @ line 109, column 21
[WARNING] 'dependencies.dependency.(groupId:artifactId:type:classifier)' must be unique: com.auth0:jwks-rsa:jar -> duplicate declaration of version 0.22.1 @ line 115, column 21
[WARNING] 'dependencies.dependency.(groupId:artifactId:type:classifier)' must be unique: org.springframework.boot:spring-boot-starter-security:jar -> duplicate declaration of version (?) @ line 134, column 21
[WARNING] 'dependencies.dependency.(groupId:artifactId:type:classifier)' must be unique: org.springframework.boot:spring-boot-starter-security:jar -> duplicate declaration of version (?) @ line 138, column 21
[WARNING] 'dependencies.dependency.(groupId:artifactId:type:classifier)' must be unique: org.springframework.boot:spring-boot-starter-websocket:jar -> duplicate declaration of version (?) @ line 160, column 21
[WARNING] 'dependencies.dependency.(groupId:artifactId:type:classifier)' must be unique: org.springframework.boot:spring-boot-starter-data-jpa:jar -> duplicate declaration of version (?) @ line 164, column 21
[WARNING] 'dependencies.dependency.(groupId:artifactId:type:classifier)' must be unique: org.springframework.boot:spring-boot-starter-data-mongodb:jar -> duplicate declaration of version (?) @ line 168, column 21
[WARNING] 'dependencies.dependency.(groupId:artifactId:type:classifier)' must be unique: org.springframework.boot:spring-boot-starter-validation:jar -> duplicate declaration of version (?) @ line 176, column 21
[WARNING] 
[WARNING] It is highly recommended to fix these problems because they threaten the stability of your build.
[WARNING] 
[WARNING] For this reason, future Maven versions might no longer support building such malformed projects.
[WARNING] 
[INFO] 
[INFO] ------------------------< iuh.fit.edu:backend >-------------------------
[INFO] Building backend 0.0.1-SNAPSHOT
[INFO]   from pom.xml
[INFO] --------------------------------[ jar ]---------------------------------
[INFO] 
[INFO] --- resources:3.3.1:resources (default-resources) @ backend ---
[INFO] Copying 1 resource from src\main\resources to target\classes
[INFO] Copying 0 resource from src\main\resources to target\classes
[INFO] 
[INFO] --- compiler:3.14.0:compile (default-compile) @ backend ---
[INFO] Recompiling the module because of changed source code.
[INFO] Compiling 370 source files with javac [debug parameters release 21] to target\classes
[INFO] -------------------------------------------------------------
[WARNING] COMPILATION WARNING : 
[INFO] -------------------------------------------------------------
[WARNING] /C:/Users/PC/Desktop/wisdom-social/backend/src/main/java/iuh/fit/edu/backend/modules/user/entity/User.java:[53,21] @Builder will ignore the initializing expression entirely. If you want the initializing expression to serve as default, add @Builder.Default. If it is not supposed to be settable during building, make the field final.
[WARNING] /C:/Users/PC/Desktop/wisdom-social/backend/src/main/java/iuh/fit/edu/backend/modules/user/dto/response/UserResponseConfirmRegister.java:[11,21] @Builder will ignore the initializing expression entirely. If you want the initializing expression to serve as default, add @Builder.Default. If it is not supposed to be settable during building, make the field final.
[WARNING] /C:/Users/PC/Desktop/wisdom-social/backend/src/main/java/iuh/fit/edu/backend/modules/page/entity/Page.java:[46,21] @Builder will ignore the initializing expression entirely. If you want the initializing expression to serve as default, add @Builder.Default. If it is not supposed to be settable during building, make the field final.
[INFO] 3 warnings 
[INFO] -------------------------------------------------------------
[INFO] -------------------------------------------------------------
[ERROR] COMPILATION ERROR : 
[INFO] -------------------------------------------------------------
[ERROR] /C:/Users/PC/Desktop/wisdom-social/backend/src/main/java/iuh/fit/edu/backend/modules/ai/service/AIChatService.java:[3,34] package iuh.fit.edu.backend.dto.ai does not exist
[ERROR] /C:/Users/PC/Desktop/wisdom-social/backend/src/main/java/iuh/fit/edu/backend/modules/ai/service/AIChatService.java:[4,34] package iuh.fit.edu.backend.dto.ai does not exist
[ERROR] /C:/Users/PC/Desktop/wisdom-social/backend/src/main/java/iuh/fit/edu/backend/modules/ai/service/AIChatService.java:[5,34] package iuh.fit.edu.backend.dto.ai does not exist
[ERROR] /C:/Users/PC/Desktop/wisdom-social/backend/src/main/java/iuh/fit/edu/backend/modules/ai/service/AIChatService.java:[6,34] package iuh.fit.edu.backend.dto.ai does not exist
[ERROR] /C:/Users/PC/Desktop/wisdom-social/backend/src/main/java/iuh/fit/edu/backend/modules/ai/dto/request/AISummarizeRequest.java:[3,34] package iuh.fit.edu.backend.dto.ai does not exist
[ERROR] /C:/Users/PC/Desktop/wisdom-social/backend/src/main/java/iuh/fit/edu/backend/modules/ai/controller/AIChatController.java:[31,33] cannot find symbol
  symbol:   class AISuggestionRequest
  location: class iuh.fit.edu.backend.modules.ai.controller.AIChatController
[ERROR] /C:/Users/PC/Desktop/wisdom-social/backend/src/main/java/iuh/fit/edu/backend/modules/ai/controller/AIChatController.java:[30,39] cannot find symbol
  symbol:   class AISuggestionResponse
  location: class iuh.fit.edu.backend.modules.ai.controller.AIChatController
[ERROR] /C:/Users/PC/Desktop/wisdom-social/backend/src/main/java/iuh/fit/edu/backend/modules/ai/dto/request/AISummarizeRequest.java:[24,18] cannot find symbol
  symbol:   class MessagePreviewDTO
  location: class iuh.fit.edu.backend.modules.ai.dto.request.AISummarizeRequest
[ERROR] /C:/Users/PC/Desktop/wisdom-social/backend/src/main/java/iuh/fit/edu/backend/modules/ai/dto/request/AISummarizeRequest.java:[24,37] cannot find symbol
  symbol:   class MessagePreviewDTO
  location: class iuh.fit.edu.backend.modules.ai.dto.request.AISummarizeRequest
[ERROR] /C:/Users/PC/Desktop/wisdom-social/backend/src/main/java/iuh/fit/edu/backend/modules/ai/dto/request/AISummarizeRequest.java:[14,1] cannot find symbol
  symbol:   class MessagePreviewDTO
  location: class iuh.fit.edu.backend.modules.ai.dto.request.AISummarizeRequest
[ERROR] /C:/Users/PC/Desktop/wisdom-social/backend/src/main/java/iuh/fit/edu/backend/modules/ai/service/AIChatService.java:[9,47] cannot find symbol
  symbol:   class AISummarizeRequest
  location: interface iuh.fit.edu.backend.modules.ai.service.AIChatService
[ERROR] /C:/Users/PC/Desktop/wisdom-social/backend/src/main/java/iuh/fit/edu/backend/modules/ai/service/AIChatService.java:[9,5] cannot find symbol
  symbol:   class AISummarizeResponse
  location: interface iuh.fit.edu.backend.modules.ai.service.AIChatService
[ERROR] /C:/Users/PC/Desktop/wisdom-social/backend/src/main/java/iuh/fit/edu/backend/modules/ai/service/AIChatService.java:[11,41] cannot find symbol
  symbol:   class AISuggestionRequest
  location: interface iuh.fit.edu.backend.modules.ai.service.AIChatService
[ERROR] /C:/Users/PC/Desktop/wisdom-social/backend/src/main/java/iuh/fit/edu/backend/modules/ai/service/AIChatService.java:[11,5] cannot find symbol
  symbol:   class AISuggestionResponse
  location: interface iuh.fit.edu.backend.modules.ai.service.AIChatService
[ERROR] /C:/Users/PC/Desktop/wisdom-social/backend/src/main/java/iuh/fit/edu/backend/modules/ai/controller/UserAIConsentController.java:[4,36] package iuh.fit.edu.backend.dto.user does not exist
[ERROR] /C:/Users/PC/Desktop/wisdom-social/backend/src/main/java/iuh/fit/edu/backend/modules/ai/controller/UserAIConsentController.java:[5,36] package iuh.fit.edu.backend.dto.user does not exist
[ERROR] /C:/Users/PC/Desktop/wisdom-social/backend/src/main/java/iuh/fit/edu/backend/modules/ai/controller/UserAIConsentController.java:[6,38] package iuh.fit.edu.backend.service.ai does not exist
[ERROR] /C:/Users/PC/Desktop/wisdom-social/backend/src/main/java/iuh/fit/edu/backend/modules/ai/controller/UserAIConsentController.java:[21,19] cannot find symbol
  symbol:   class UserAIConsentService
  location: class iuh.fit.edu.backend.modules.ai.controller.UserAIConsentController
[ERROR] /C:/Users/PC/Desktop/wisdom-social/backend/src/main/java/iuh/fit/edu/backend/modules/ai/controller/UserAIConsentController.java:[24,39] cannot find symbol
  symbol:   class ConfirmAIResponse
  location: class iuh.fit.edu.backend.modules.ai.controller.UserAIConsentController
[ERROR] /C:/Users/PC/Desktop/wisdom-social/backend/src/main/java/iuh/fit/edu/backend/modules/ai/controller/UserAIConsentController.java:[31,33] cannot find symbol
  symbol:   class ConfirmAIRequest
  location: class iuh.fit.edu.backend.modules.ai.controller.UserAIConsentController
[ERROR] /C:/Users/PC/Desktop/wisdom-social/backend/src/main/java/iuh/fit/edu/backend/modules/ai/controller/UserAIConsentController.java:[30,39] cannot find symbol
  symbol:   class ConfirmAIResponse
  location: class iuh.fit.edu.backend.modules.ai.controller.UserAIConsentController
[ERROR] /C:/Users/PC/Desktop/wisdom-social/backend/src/main/java/iuh/fit/edu/backend/modules/ai/controller/UserAIConsentController.java:[18,1] cannot find symbol
  symbol:   class UserAIConsentService
  location: class iuh.fit.edu.backend.modules.ai.controller.UserAIConsentController
[ERROR] /C:/Users/PC/Desktop/wisdom-social/backend/src/main/java/iuh/fit/edu/backend/modules/ai/dto/request/AISuggestionRequest.java:[3,34] package iuh.fit.edu.backend.dto.ai does not exist
[ERROR] /C:/Users/PC/Desktop/wisdom-social/backend/src/main/java/iuh/fit/edu/backend/modules/ai/dto/request/AISuggestionRequest.java:[28,18] cannot find symbol
  symbol:   class MessagePreviewDTO
  location: class iuh.fit.edu.backend.modules.ai.dto.request.AISuggestionRequest
[ERROR] /C:/Users/PC/Desktop/wisdom-social/backend/src/main/java/iuh/fit/edu/backend/modules/ai/dto/request/AISuggestionRequest.java:[28,37] cannot find symbol
  symbol:   class MessagePreviewDTO
  location: class iuh.fit.edu.backend.modules.ai.dto.request.AISuggestionRequest
[ERROR] /C:/Users/PC/Desktop/wisdom-social/backend/src/main/java/iuh/fit/edu/backend/modules/ai/dto/request/AISuggestionRequest.java:[14,1] cannot find symbol
  symbol:   class MessagePreviewDTO
  location: class iuh.fit.edu.backend.modules.ai.dto.request.AISuggestionRequest
[ERROR] /C:/Users/PC/Desktop/wisdom-social/backend/src/main/java/iuh/fit/edu/backend/modules/ai/service/AIProviderService.java:[3,34] package iuh.fit.edu.backend.dto.ai does not exist
[ERROR] /C:/Users/PC/Desktop/wisdom-social/backend/src/main/java/iuh/fit/edu/backend/modules/ai/service/AIProviderService.java:[8,33] cannot find symbol
  symbol:   class MessagePreviewDTO
  location: interface iuh.fit.edu.backend.modules.ai.service.AIProviderService
[ERROR] /C:/Users/PC/Desktop/wisdom-social/backend/src/main/java/iuh/fit/edu/backend/modules/ai/service/AIProviderService.java:[10,48] cannot find symbol
  symbol:   class MessagePreviewDTO
  location: interface iuh.fit.edu.backend.modules.ai.service.AIProviderService
[ERROR] /C:/Users/PC/Desktop/wisdom-social/backend/src/main/java/iuh/fit/edu/backend/modules/ai/service/UserAIConsentService.java:[4,36] package iuh.fit.edu.backend.dto.user does not exist
[ERROR] /C:/Users/PC/Desktop/wisdom-social/backend/src/main/java/iuh/fit/edu/backend/modules/ai/service/UserAIConsentService.java:[5,36] package iuh.fit.edu.backend.dto.user does not exist
[ERROR] /C:/Users/PC/Desktop/wisdom-social/backend/src/main/java/iuh/fit/edu/backend/modules/ai/service/UserAIConsentService.java:[8,5] cannot find symbol
  symbol:   class ConfirmAIResponse
  location: interface iuh.fit.edu.backend.modules.ai.service.UserAIConsentService
[ERROR] /C:/Users/PC/Desktop/wisdom-social/backend/src/main/java/iuh/fit/edu/backend/modules/ai/service/UserAIConsentService.java:[10,43] cannot find symbol
  symbol:   class ConfirmAIRequest
  location: interface iuh.fit.edu.backend.modules.ai.service.UserAIConsentService
[ERROR] /C:/Users/PC/Desktop/wisdom-social/backend/src/main/java/iuh/fit/edu/backend/modules/ai/service/UserAIConsentService.java:[10,5] cannot find symbol
  symbol:   class ConfirmAIResponse
  location: interface iuh.fit.edu.backend.modules.ai.service.UserAIConsentService
[ERROR] /C:/Users/PC/Desktop/wisdom-social/backend/src/main/java/iuh/fit/edu/backend/modules/ai/service/impl/AIChatServiceImpl.java:[6,34] package iuh.fit.edu.backend.dto.ai does not exist
[ERROR] /C:/Users/PC/Desktop/wisdom-social/backend/src/main/java/iuh/fit/edu/backend/modules/ai/service/impl/AIChatServiceImpl.java:[7,34] package iuh.fit.edu.backend.dto.ai does not exist
[ERROR] /C:/Users/PC/Desktop/wisdom-social/backend/src/main/java/iuh/fit/edu/backend/modules/ai/service/impl/AIChatServiceImpl.java:[8,34] package iuh.fit.edu.backend.dto.ai does not exist
[ERROR] /C:/Users/PC/Desktop/wisdom-social/backend/src/main/java/iuh/fit/edu/backend/modules/ai/service/impl/AIChatServiceImpl.java:[9,34] package iuh.fit.edu.backend.dto.ai does not exist
[ERROR] /C:/Users/PC/Desktop/wisdom-social/backend/src/main/java/iuh/fit/edu/backend/modules/ai/service/impl/AIChatServiceImpl.java:[10,34] package iuh.fit.edu.backend.dto.ai does not exist
[ERROR] /C:/Users/PC/Desktop/wisdom-social/backend/src/main/java/iuh/fit/edu/backend/modules/ai/service/impl/AIChatServiceImpl.java:[14,38] package iuh.fit.edu.backend.service.ai does not exist
[ERROR] /C:/Users/PC/Desktop/wisdom-social/backend/src/main/java/iuh/fit/edu/backend/modules/ai/service/impl/AIChatServiceImpl.java:[15,38] package iuh.fit.edu.backend.service.ai does not exist
[ERROR] /C:/Users/PC/Desktop/wisdom-social/backend/src/main/java/iuh/fit/edu/backend/modules/ai/service/impl/AIChatServiceImpl.java:[16,38] package iuh.fit.edu.backend.service.ai does not exist
[ERROR] /C:/Users/PC/Desktop/wisdom-social/backend/src/main/java/iuh/fit/edu/backend/modules/ai/service/impl/AIChatServiceImpl.java:[31,43] cannot find symbol
  symbol: class AIChatService
[ERROR] /C:/Users/PC/Desktop/wisdom-social/backend/src/main/java/iuh/fit/edu/backend/modules/ai/service/impl/AIChatServiceImpl.java:[36,19] cannot find symbol
  symbol:   class UserAIConsentService
  location: class iuh.fit.edu.backend.modules.ai.service.impl.AIChatServiceImpl
[ERROR] /C:/Users/PC/Desktop/wisdom-social/backend/src/main/java/iuh/fit/edu/backend/modules/ai/service/impl/AIChatServiceImpl.java:[38,19] cannot find symbol
  symbol:   class AIProviderService
  location: class iuh.fit.edu.backend.modules.ai.service.impl.AIChatServiceImpl
[ERROR] /C:/Users/PC/Desktop/wisdom-social/backend/src/main/java/iuh/fit/edu/backend/modules/ai/service/impl/AIChatServiceImpl.java:[41,54] cannot find symbol
  symbol:   class AISummarizeRequest
  location: class iuh.fit.edu.backend.modules.ai.service.impl.AIChatServiceImpl
[ERROR] /C:/Users/PC/Desktop/wisdom-social/backend/src/main/java/iuh/fit/edu/backend/modules/ai/service/impl/AIChatServiceImpl.java:[41,12] cannot find symbol
  symbol:   class AISummarizeResponse
  location: class iuh.fit.edu.backend.modules.ai.service.impl.AIChatServiceImpl
[ERROR] /C:/Users/PC/Desktop/wisdom-social/backend/src/main/java/iuh/fit/edu/backend/modules/ai/service/impl/AIChatServiceImpl.java:[63,48] cannot find symbol
  symbol:   class AISuggestionRequest
  location: class iuh.fit.edu.backend.modules.ai.service.impl.AIChatServiceImpl
[ERROR] /C:/Users/PC/Desktop/wisdom-social/backend/src/main/java/iuh/fit/edu/backend/modules/ai/service/impl/AIChatServiceImpl.java:[63,12] cannot find symbol
  symbol:   class AISuggestionResponse
  location: class iuh.fit.edu.backend.modules.ai.service.impl.AIChatServiceImpl
[ERROR] /C:/Users/PC/Desktop/wisdom-social/backend/src/main/java/iuh/fit/edu/backend/modules/ai/service/impl/AIChatServiceImpl.java:[98,18] cannot find symbol
  symbol:   class MessagePreviewDTO
  location: class iuh.fit.edu.backend.modules.ai.service.impl.AIChatServiceImpl
[ERROR] /C:/Users/PC/Desktop/wisdom-social/backend/src/main/java/iuh/fit/edu/backend/modules/ai/service/impl/AIChatServiceImpl.java:[96,18] cannot find symbol
  symbol:   class MessagePreviewDTO
  location: class iuh.fit.edu.backend.modules.ai.service.impl.AIChatServiceImpl
[ERROR] /C:/Users/PC/Desktop/wisdom-social/backend/src/main/java/iuh/fit/edu/backend/modules/ai/service/impl/AIChatServiceImpl.java:[142,54] cannot find symbol
  symbol:   class MessagePreviewDTO
  location: class iuh.fit.edu.backend.modules.ai.service.impl.AIChatServiceImpl
[ERROR] /C:/Users/PC/Desktop/wisdom-social/backend/src/main/java/iuh/fit/edu/backend/modules/ai/service/impl/AIChatServiceImpl.java:[142,13] cannot find symbol
  symbol:   class MessagePreviewDTO
  location: class iuh.fit.edu.backend.modules.ai.service.impl.AIChatServiceImpl
[ERROR] /C:/Users/PC/Desktop/wisdom-social/backend/src/main/java/iuh/fit/edu/backend/modules/ai/service/impl/AIChatServiceImpl.java:[160,13] cannot find symbol
  symbol:   class MessagePreviewDTO
  location: class iuh.fit.edu.backend.modules.ai.service.impl.AIChatServiceImpl
[ERROR] /C:/Users/PC/Desktop/wisdom-social/backend/src/main/java/iuh/fit/edu/backend/modules/ai/service/impl/AIChatServiceImpl.java:[30,1] cannot find symbol
  symbol:   class UserAIConsentService
  location: class iuh.fit.edu.backend.modules.ai.service.impl.AIChatServiceImpl
[ERROR] /C:/Users/PC/Desktop/wisdom-social/backend/src/main/java/iuh/fit/edu/backend/modules/ai/service/impl/OpenRouterAIProviderService.java:[6,34] package iuh.fit.edu.backend.dto.ai does not exist
[ERROR] /C:/Users/PC/Desktop/wisdom-social/backend/src/main/java/iuh/fit/edu/backend/modules/ai/service/impl/OpenRouterAIProviderService.java:[8,38] package iuh.fit.edu.backend.service.ai does not exist
[ERROR] /C:/Users/PC/Desktop/wisdom-social/backend/src/main/java/iuh/fit/edu/backend/modules/ai/service/impl/OpenRouterAIProviderService.java:[24,53] cannot find symbol
  symbol: class AIProviderService
[ERROR] /C:/Users/PC/Desktop/wisdom-social/backend/src/main/java/iuh/fit/edu/backend/modules/ai/service/impl/OpenRouterAIProviderService.java:[49,40] cannot find symbol
  symbol:   class MessagePreviewDTO
  location: class iuh.fit.edu.backend.modules.ai.service.impl.OpenRouterAIProviderService
[ERROR] /C:/Users/PC/Desktop/wisdom-social/backend/src/main/java/iuh/fit/edu/backend/modules/ai/service/impl/OpenRouterAIProviderService.java:[64,55] cannot find symbol
  symbol:   class MessagePreviewDTO
  location: class iuh.fit.edu.backend.modules.ai.service.impl.OpenRouterAIProviderService
[ERROR] /C:/Users/PC/Desktop/wisdom-social/backend/src/main/java/iuh/fit/edu/backend/modules/ai/service/impl/OpenRouterAIProviderService.java:[194,50] cannot find symbol
  symbol:   class MessagePreviewDTO
  location: class iuh.fit.edu.backend.modules.ai.service.impl.OpenRouterAIProviderService
[ERROR] /C:/Users/PC/Desktop/wisdom-social/backend/src/main/java/iuh/fit/edu/backend/modules/ai/service/impl/UserAIConsentServiceImpl.java:[4,36] package iuh.fit.edu.backend.dto.user does not exist
[ERROR] /C:/Users/PC/Desktop/wisdom-social/backend/src/main/java/iuh/fit/edu/backend/modules/ai/service/impl/UserAIConsentServiceImpl.java:[5,36] package iuh.fit.edu.backend.dto.user does not exist
[ERROR] /C:/Users/PC/Desktop/wisdom-social/backend/src/main/java/iuh/fit/edu/backend/modules/ai/service/impl/UserAIConsentServiceImpl.java:[9,38] package iuh.fit.edu.backend.service.ai does not exist
[ERROR] /C:/Users/PC/Desktop/wisdom-social/backend/src/main/java/iuh/fit/edu/backend/modules/ai/service/impl/UserAIConsentServiceImpl.java:[10,40] package iuh.fit.edu.backend.service.user does not exist
[ERROR] /C:/Users/PC/Desktop/wisdom-social/backend/src/main/java/iuh/fit/edu/backend/modules/ai/service/impl/UserAIConsentServiceImpl.java:[18,50] cannot find symbol
  symbol: class UserAIConsentService
[ERROR] /C:/Users/PC/Desktop/wisdom-social/backend/src/main/java/iuh/fit/edu/backend/modules/ai/service/impl/UserAIConsentServiceImpl.java:[20,19] cannot find symbol
  symbol:   class UserService
  location: class iuh.fit.edu.backend.modules.ai.service.impl.UserAIConsentServiceImpl
[ERROR] /C:/Users/PC/Desktop/wisdom-social/backend/src/main/java/iuh/fit/edu/backend/modules/ai/service/impl/UserAIConsentServiceImpl.java:[24,12] cannot find symbol
  symbol:   class ConfirmAIResponse
  location: class iuh.fit.edu.backend.modules.ai.service.impl.UserAIConsentServiceImpl
[ERROR] /C:/Users/PC/Desktop/wisdom-social/backend/src/main/java/iuh/fit/edu/backend/modules/ai/service/impl/UserAIConsentServiceImpl.java:[32,50] cannot find symbol
  symbol:   class ConfirmAIRequest
  location: class iuh.fit.edu.backend.modules.ai.service.impl.UserAIConsentServiceImpl
[ERROR] /C:/Users/PC/Desktop/wisdom-social/backend/src/main/java/iuh/fit/edu/backend/modules/ai/service/impl/UserAIConsentServiceImpl.java:[32,12] cannot find symbol
  symbol:   class ConfirmAIResponse
  location: class iuh.fit.edu.backend.modules.ai.service.impl.UserAIConsentServiceImpl
[ERROR] /C:/Users/PC/Desktop/wisdom-social/backend/src/main/java/iuh/fit/edu/backend/modules/ai/service/impl/UserAIConsentServiceImpl.java:[17,1] cannot find symbol
  symbol:   class UserService
  location: class iuh.fit.edu.backend.modules.ai.service.impl.UserAIConsentServiceImpl
[ERROR] /C:/Users/PC/Desktop/wisdom-social/backend/src/main/java/iuh/fit/edu/backend/modules/chat/controller/CallSignalingController.java:[3,39] package iuh.fit.edu.backend.dto.request does not exist
[ERROR] /C:/Users/PC/Desktop/wisdom-social/backend/src/main/java/iuh/fit/edu/backend/modules/chat/controller/CallSignalingController.java:[20,30] cannot find symbol
  symbol:   class CallSignalRequest
  location: class iuh.fit.edu.backend.modules.chat.controller.CallSignalingController
[ERROR] /C:/Users/PC/Desktop/wisdom-social/backend/src/main/java/iuh/fit/edu/backend/modules/chat/controller/ChatWebSocketController.java:[7,47] package iuh.fit.edu.backend.dto.request.message does not exist
[ERROR] /C:/Users/PC/Desktop/wisdom-social/backend/src/main/java/iuh/fit/edu/backend/modules/chat/controller/ChatWebSocketController.java:[8,48] package iuh.fit.edu.backend.dto.response.message does not exist
[ERROR] /C:/Users/PC/Desktop/wisdom-social/backend/src/main/java/iuh/fit/edu/backend/modules/chat/controller/ChatWebSocketController.java:[33,22] cannot find symbol
  symbol:   class TypingRequest
  location: class iuh.fit.edu.backend.modules.chat.controller.ChatWebSocketController
[ERROR] /C:/Users/PC/Desktop/wisdom-social/backend/src/main/java/iuh/fit/edu/backend/modules/chat/controller/MessageController.java:[7,47] package iuh.fit.edu.backend.dto.request.message does not exist
[ERROR] /C:/Users/PC/Desktop/wisdom-social/backend/src/main/java/iuh/fit/edu/backend/modules/chat/controller/MessageController.java:[8,39] package iuh.fit.edu.backend.dto.request does not exist
[ERROR] /C:/Users/PC/Desktop/wisdom-social/backend/src/main/java/iuh/fit/edu/backend/modules/chat/controller/MessageController.java:[9,48] package iuh.fit.edu.backend.dto.response.message does not exist
[ERROR] /C:/Users/PC/Desktop/wisdom-social/backend/src/main/java/iuh/fit/edu/backend/modules/chat/controller/MessageController.java:[10,48] package iuh.fit.edu.backend.dto.response.message does not exist
[ERROR] /C:/Users/PC/Desktop/wisdom-social/backend/src/main/java/iuh/fit/edu/backend/modules/chat/controller/MessageController.java:[11,40] package iuh.fit.edu.backend.service.chat does not exist
[ERROR] /C:/Users/PC/Desktop/wisdom-social/backend/src/main/java/iuh/fit/edu/backend/modules/chat/controller/MessageController.java:[12,40] package iuh.fit.edu.backend.service.user does not exist
[ERROR] /C:/Users/PC/Desktop/wisdom-social/backend/src/main/java/iuh/fit/edu/backend/modules/chat/controller/MessageController.java:[29,19] cannot find symbol
  symbol:   class MessageService
  location: class iuh.fit.edu.backend.modules.chat.controller.MessageController
[ERROR] /C:/Users/PC/Desktop/wisdom-social/backend/src/main/java/iuh/fit/edu/backend/modules/chat/controller/MessageController.java:[30,19] cannot find symbol
  symbol:   class UserService
  location: class iuh.fit.edu.backend.modules.chat.controller.MessageController
[ERROR] /C:/Users/PC/Desktop/wisdom-social/backend/src/main/java/iuh/fit/edu/backend/modules/chat/controller/MessageController.java:[32,30] cannot find symbol
  symbol:   class MessageService
  location: class iuh.fit.edu.backend.modules.chat.controller.MessageController
[ERROR] /C:/Users/PC/Desktop/wisdom-social/backend/src/main/java/iuh/fit/edu/backend/modules/chat/controller/MessageController.java:[32,61] cannot find symbol
  symbol:   class UserService
  location: class iuh.fit.edu.backend.modules.chat.controller.MessageController
[ERROR] /C:/Users/PC/Desktop/wisdom-social/backend/src/main/java/iuh/fit/edu/backend/modules/chat/controller/MessageController.java:[39,26] cannot find symbol
  symbol:   class SendMessageRequest
  location: class iuh.fit.edu.backend.modules.chat.controller.MessageController
[ERROR] /C:/Users/PC/Desktop/wisdom-social/backend/src/main/java/iuh/fit/edu/backend/modules/chat/controller/MessageController.java:[38,27] cannot find symbol
  symbol:   class MessageResponse
  location: class iuh.fit.edu.backend.modules.chat.controller.MessageController
[ERROR] /C:/Users/PC/Desktop/wisdom-social/backend/src/main/java/iuh/fit/edu/backend/modules/chat/controller/MessageController.java:[49,26] cannot find symbol
  symbol:   class SendCallMessageRequest
  location: class iuh.fit.edu.backend.modules.chat.controller.MessageController
[ERROR] /C:/Users/PC/Desktop/wisdom-social/backend/src/main/java/iuh/fit/edu/backend/modules/chat/controller/MessageController.java:[48,27] cannot find symbol
  symbol:   class MessageResponse
  location: class iuh.fit.edu.backend.modules.chat.controller.MessageController
[ERROR] /C:/Users/PC/Desktop/wisdom-social/backend/src/main/java/iuh/fit/edu/backend/modules/chat/controller/MessageController.java:[57,27] cannot find symbol
  symbol:   class MessageRecalledResponse
  location: class iuh.fit.edu.backend.modules.chat.controller.MessageController
[ERROR] /C:/Users/PC/Desktop/wisdom-social/backend/src/main/java/iuh/fit/edu/backend/modules/chat/event/payload/MessageCreatedEvent.java:[10,48] package iuh.fit.edu.backend.dto.response.message does not exist
[ERROR] /C:/Users/PC/Desktop/wisdom-social/backend/src/main/java/iuh/fit/edu/backend/modules/chat/event/payload/MessageCreatedEvent.java:[21,19] cannot find symbol
  symbol:   class MessageResponse
  location: class iuh.fit.edu.backend.modules.chat.event.payload.MessageCreatedEvent
[ERROR] /C:/Users/PC/Desktop/wisdom-social/backend/src/main/java/iuh/fit/edu/backend/modules/chat/event/payload/MessageCreatedEvent.java:[25,65] cannot find symbol
  symbol:   class MessageResponse
  location: class iuh.fit.edu.backend.modules.chat.event.payload.MessageCreatedEvent
[ERROR] /C:/Users/PC/Desktop/wisdom-social/backend/src/main/java/iuh/fit/edu/backend/modules/chat/event/payload/MessageCreatedEvent.java:[21,35] cannot find symbol
  symbol:   class MessageResponse
  location: class iuh.fit.edu.backend.modules.chat.event.payload.MessageCreatedEvent
[ERROR] /C:/Users/PC/Desktop/wisdom-social/backend/src/main/java/iuh/fit/edu/backend/modules/chat/event/payload/MessageRecalledEvent.java:[9,48] package iuh.fit.edu.backend.dto.response.message does not exist
[ERROR] /C:/Users/PC/Desktop/wisdom-social/backend/src/main/java/iuh/fit/edu/backend/modules/chat/event/payload/MessageRecalledEvent.java:[21,19] cannot find symbol
  symbol:   class MessageRecalledResponse
  location: class iuh.fit.edu.backend.modules.chat.event.payload.MessageRecalledEvent
[ERROR] /C:/Users/PC/Desktop/wisdom-social/backend/src/main/java/iuh/fit/edu/backend/modules/chat/event/payload/MessageRecalledEvent.java:[26,74] cannot find symbol
  symbol:   class MessageRecalledResponse
  location: class iuh.fit.edu.backend.modules.chat.event.payload.MessageRecalledEvent
[ERROR] /C:/Users/PC/Desktop/wisdom-social/backend/src/main/java/iuh/fit/edu/backend/modules/chat/event/payload/MessageRecalledEvent.java:[21,43] cannot find symbol
  symbol:   class MessageRecalledResponse
  location: class iuh.fit.edu.backend.modules.chat.event.payload.MessageRecalledEvent
[ERROR] /C:/Users/PC/Desktop/wisdom-social/backend/src/main/java/iuh/fit/edu/backend/modules/chat/event/payload/MessageSeenEvent.java:[6,48] package iuh.fit.edu.backend.dto.response.message does not exist
[INFO] 100 errors 
[INFO] -------------------------------------------------------------
[INFO] ------------------------------------------------------------------------
[INFO] BUILD FAILURE
[INFO] ------------------------------------------------------------------------
[INFO] Total time:  10.358 s
[INFO] Finished at: 2026-05-11T19:59:04+07:00
[INFO] ------------------------------------------------------------------------
[ERROR] Failed to execute goal org.apache.maven.plugins:maven-compiler-plugin:3.14.0:compile (default-compile) on project backend: Compilation failure: Compilation failure: 
[ERROR] /C:/Users/PC/Desktop/wisdom-social/backend/src/main/java/iuh/fit/edu/backend/modules/ai/service/AIChatService.java:[3,34] package iuh.fit.edu.backend.dto.ai does not exist
[ERROR] /C:/Users/PC/Desktop/wisdom-social/backend/src/main/java/iuh/fit/edu/backend/modules/ai/service/AIChatService.java:[4,34] package iuh.fit.edu.backend.dto.ai does not exist
[ERROR] /C:/Users/PC/Desktop/wisdom-social/backend/src/main/java/iuh/fit/edu/backend/modules/ai/service/AIChatService.java:[5,34] package iuh.fit.edu.backend.dto.ai does not exist
[ERROR] /C:/Users/PC/Desktop/wisdom-social/backend/src/main/java/iuh/fit/edu/backend/modules/ai/service/AIChatService.java:[6,34] package iuh.fit.edu.backend.dto.ai does not exist
[ERROR] /C:/Users/PC/Desktop/wisdom-social/backend/src/main/java/iuh/fit/edu/backend/modules/ai/dto/request/AISummarizeRequest.java:[3,34] package iuh.fit.edu.backend.dto.ai does not exist
[ERROR] /C:/Users/PC/Desktop/wisdom-social/backend/src/main/java/iuh/fit/edu/backend/modules/ai/controller/AIChatController.java:[31,33] cannot find symbol
[ERROR]   symbol:   class AISuggestionRequest
[ERROR]   location: class iuh.fit.edu.backend.modules.ai.controller.AIChatController
[ERROR] /C:/Users/PC/Desktop/wisdom-social/backend/src/main/java/iuh/fit/edu/backend/modules/ai/controller/AIChatController.java:[30,39] cannot find symbol
[ERROR]   symbol:   class AISuggestionResponse
[ERROR]   location: class iuh.fit.edu.backend.modules.ai.controller.AIChatController
[ERROR] /C:/Users/PC/Desktop/wisdom-social/backend/src/main/java/iuh/fit/edu/backend/modules/ai/dto/request/AISummarizeRequest.java:[24,18] cannot find symbol
[ERROR]   symbol:   class MessagePreviewDTO
[ERROR]   location: class iuh.fit.edu.backend.modules.ai.dto.request.AISummarizeRequest
[ERROR] /C:/Users/PC/Desktop/wisdom-social/backend/src/main/java/iuh/fit/edu/backend/modules/ai/dto/request/AISummarizeRequest.java:[24,37] cannot find symbol
[ERROR]   symbol:   class MessagePreviewDTO
[ERROR]   location: class iuh.fit.edu.backend.modules.ai.dto.request.AISummarizeRequest
[ERROR] /C:/Users/PC/Desktop/wisdom-social/backend/src/main/java/iuh/fit/edu/backend/modules/ai/dto/request/AISummarizeRequest.java:[14,1] cannot find symbol
[ERROR]   symbol:   class MessagePreviewDTO
[ERROR]   location: class iuh.fit.edu.backend.modules.ai.dto.request.AISummarizeRequest
[ERROR] /C:/Users/PC/Desktop/wisdom-social/backend/src/main/java/iuh/fit/edu/backend/modules/ai/service/AIChatService.java:[9,47] cannot find symbol
[ERROR]   symbol:   class AISummarizeRequest
[ERROR]   location: interface iuh.fit.edu.backend.modules.ai.service.AIChatService
[ERROR] /C:/Users/PC/Desktop/wisdom-social/backend/src/main/java/iuh/fit/edu/backend/modules/ai/service/AIChatService.java:[9,5] cannot find symbol
[ERROR]   symbol:   class AISummarizeResponse
[ERROR]   location: interface iuh.fit.edu.backend.modules.ai.service.AIChatService
[ERROR] /C:/Users/PC/Desktop/wisdom-social/backend/src/main/java/iuh/fit/edu/backend/modules/ai/service/AIChatService.java:[11,41] cannot find symbol
[ERROR]   symbol:   class AISuggestionRequest
[ERROR]   location: interface iuh.fit.edu.backend.modules.ai.service.AIChatService
[ERROR] /C:/Users/PC/Desktop/wisdom-social/backend/src/main/java/iuh/fit/edu/backend/modules/ai/service/AIChatService.java:[11,5] cannot find symbol
[ERROR]   symbol:   class AISuggestionResponse
[ERROR]   location: interface iuh.fit.edu.backend.modules.ai.service.AIChatService
[ERROR] /C:/Users/PC/Desktop/wisdom-social/backend/src/main/java/iuh/fit/edu/backend/modules/ai/controller/UserAIConsentController.java:[4,36] package iuh.fit.edu.backend.dto.user does not exist
[ERROR] /C:/Users/PC/Desktop/wisdom-social/backend/src/main/java/iuh/fit/edu/backend/modules/ai/controller/UserAIConsentController.java:[5,36] package iuh.fit.edu.backend.dto.user does not exist
[ERROR] /C:/Users/PC/Desktop/wisdom-social/backend/src/main/java/iuh/fit/edu/backend/modules/ai/controller/UserAIConsentController.java:[6,38] package iuh.fit.edu.backend.service.ai does not exist
[ERROR] /C:/Users/PC/Desktop/wisdom-social/backend/src/main/java/iuh/fit/edu/backend/modules/ai/controller/UserAIConsentController.java:[21,19] cannot find symbol
[ERROR]   symbol:   class UserAIConsentService
[ERROR]   location: class iuh.fit.edu.backend.modules.ai.controller.UserAIConsentController
[ERROR] /C:/Users/PC/Desktop/wisdom-social/backend/src/main/java/iuh/fit/edu/backend/modules/ai/controller/UserAIConsentController.java:[24,39] cannot find symbol
[ERROR]   symbol:   class ConfirmAIResponse
[ERROR]   location: class iuh.fit.edu.backend.modules.ai.controller.UserAIConsentController
[ERROR] /C:/Users/PC/Desktop/wisdom-social/backend/src/main/java/iuh/fit/edu/backend/modules/ai/controller/UserAIConsentController.java:[31,33] cannot find symbol
[ERROR]   symbol:   class ConfirmAIRequest
[ERROR]   location: class iuh.fit.edu.backend.modules.ai.controller.UserAIConsentController
[ERROR] /C:/Users/PC/Desktop/wisdom-social/backend/src/main/java/iuh/fit/edu/backend/modules/ai/controller/UserAIConsentController.java:[30,39] cannot find symbol
[ERROR]   symbol:   class ConfirmAIResponse
[ERROR]   location: class iuh.fit.edu.backend.modules.ai.controller.UserAIConsentController
[ERROR] /C:/Users/PC/Desktop/wisdom-social/backend/src/main/java/iuh/fit/edu/backend/modules/ai/controller/UserAIConsentController.java:[18,1] cannot find symbol
[ERROR]   symbol:   class UserAIConsentService
[ERROR]   location: class iuh.fit.edu.backend.modules.ai.controller.UserAIConsentController
[ERROR] /C:/Users/PC/Desktop/wisdom-social/backend/src/main/java/iuh/fit/edu/backend/modules/ai/dto/request/AISuggestionRequest.java:[3,34] package iuh.fit.edu.backend.dto.ai does not exist
[ERROR] /C:/Users/PC/Desktop/wisdom-social/backend/src/main/java/iuh/fit/edu/backend/modules/ai/dto/request/AISuggestionRequest.java:[28,18] cannot find symbol
[ERROR]   symbol:   class MessagePreviewDTO
[ERROR]   location: class iuh.fit.edu.backend.modules.ai.dto.request.AISuggestionRequest
[ERROR] /C:/Users/PC/Desktop/wisdom-social/backend/src/main/java/iuh/fit/edu/backend/modules/ai/dto/request/AISuggestionRequest.java:[28,37] cannot find symbol
[ERROR]   symbol:   class MessagePreviewDTO
[ERROR]   location: class iuh.fit.edu.backend.modules.ai.dto.request.AISuggestionRequest
[ERROR] /C:/Users/PC/Desktop/wisdom-social/backend/src/main/java/iuh/fit/edu/backend/modules/ai/dto/request/AISuggestionRequest.java:[14,1] cannot find symbol
[ERROR]   symbol:   class MessagePreviewDTO
[ERROR]   location: class iuh.fit.edu.backend.modules.ai.dto.request.AISuggestionRequest
[ERROR] /C:/Users/PC/Desktop/wisdom-social/backend/src/main/java/iuh/fit/edu/backend/modules/ai/service/AIProviderService.java:[3,34] package iuh.fit.edu.backend.dto.ai does not exist
[ERROR] /C:/Users/PC/Desktop/wisdom-social/backend/src/main/java/iuh/fit/edu/backend/modules/ai/service/AIProviderService.java:[8,33] cannot find symbol
[ERROR]   symbol:   class MessagePreviewDTO
[ERROR]   location: interface iuh.fit.edu.backend.modules.ai.service.AIProviderService
[ERROR] /C:/Users/PC/Desktop/wisdom-social/backend/src/main/java/iuh/fit/edu/backend/modules/ai/service/AIProviderService.java:[10,48] cannot find symbol
[ERROR]   symbol:   class MessagePreviewDTO
[ERROR]   location: interface iuh.fit.edu.backend.modules.ai.service.AIProviderService
[ERROR] /C:/Users/PC/Desktop/wisdom-social/backend/src/main/java/iuh/fit/edu/backend/modules/ai/service/UserAIConsentService.java:[4,36] package iuh.fit.edu.backend.dto.user does not exist
[ERROR] /C:/Users/PC/Desktop/wisdom-social/backend/src/main/java/iuh/fit/edu/backend/modules/ai/service/UserAIConsentService.java:[5,36] package iuh.fit.edu.backend.dto.user does not exist
[ERROR] /C:/Users/PC/Desktop/wisdom-social/backend/src/main/java/iuh/fit/edu/backend/modules/ai/service/UserAIConsentService.java:[8,5] cannot find symbol
[ERROR]   symbol:   class ConfirmAIResponse
[ERROR]   location: interface iuh.fit.edu.backend.modules.ai.service.UserAIConsentService
[ERROR] /C:/Users/PC/Desktop/wisdom-social/backend/src/main/java/iuh/fit/edu/backend/modules/ai/service/UserAIConsentService.java:[10,43] cannot find symbol
[ERROR]   symbol:   class ConfirmAIRequest
[ERROR]   location: interface iuh.fit.edu.backend.modules.ai.service.UserAIConsentService
[ERROR] /C:/Users/PC/Desktop/wisdom-social/backend/src/main/java/iuh/fit/edu/backend/modules/ai/service/UserAIConsentService.java:[10,5] cannot find symbol
[ERROR]   symbol:   class ConfirmAIResponse
[ERROR]   location: interface iuh.fit.edu.backend.modules.ai.service.UserAIConsentService
[ERROR] /C:/Users/PC/Desktop/wisdom-social/backend/src/main/java/iuh/fit/edu/backend/modules/ai/service/impl/AIChatServiceImpl.java:[6,34] package iuh.fit.edu.backend.dto.ai does not exist
[ERROR] /C:/Users/PC/Desktop/wisdom-social/backend/src/main/java/iuh/fit/edu/backend/modules/ai/service/impl/AIChatServiceImpl.java:[7,34] package iuh.fit.edu.backend.dto.ai does not exist
[ERROR] /C:/Users/PC/Desktop/wisdom-social/backend/src/main/java/iuh/fit/edu/backend/modules/ai/service/impl/AIChatServiceImpl.java:[8,34] package iuh.fit.edu.backend.dto.ai does not exist
[ERROR] /C:/Users/PC/Desktop/wisdom-social/backend/src/main/java/iuh/fit/edu/backend/modules/ai/service/impl/AIChatServiceImpl.java:[9,34] package iuh.fit.edu.backend.dto.ai does not exist
[ERROR] /C:/Users/PC/Desktop/wisdom-social/backend/src/main/java/iuh/fit/edu/backend/modules/ai/service/impl/AIChatServiceImpl.java:[10,34] package iuh.fit.edu.backend.dto.ai does not exist
[ERROR] /C:/Users/PC/Desktop/wisdom-social/backend/src/main/java/iuh/fit/edu/backend/modules/ai/service/impl/AIChatServiceImpl.java:[14,38] package iuh.fit.edu.backend.service.ai does not exist
[ERROR] /C:/Users/PC/Desktop/wisdom-social/backend/src/main/java/iuh/fit/edu/backend/modules/ai/service/impl/AIChatServiceImpl.java:[15,38] package iuh.fit.edu.backend.service.ai does not exist
[ERROR] /C:/Users/PC/Desktop/wisdom-social/backend/src/main/java/iuh/fit/edu/backend/modules/ai/service/impl/AIChatServiceImpl.java:[16,38] package iuh.fit.edu.backend.service.ai does not exist
[ERROR] /C:/Users/PC/Desktop/wisdom-social/backend/src/main/java/iuh/fit/edu/backend/modules/ai/service/impl/AIChatServiceImpl.java:[31,43] cannot find symbol
[ERROR]   symbol: class AIChatService
[ERROR] /C:/Users/PC/Desktop/wisdom-social/backend/src/main/java/iuh/fit/edu/backend/modules/ai/service/impl/AIChatServiceImpl.java:[36,19] cannot find symbol
[ERROR]   symbol:   class UserAIConsentService
[ERROR]   location: class iuh.fit.edu.backend.modules.ai.service.impl.AIChatServiceImpl
[ERROR] /C:/Users/PC/Desktop/wisdom-social/backend/src/main/java/iuh/fit/edu/backend/modules/ai/service/impl/AIChatServiceImpl.java:[38,19] cannot find symbol
[ERROR]   symbol:   class AIProviderService
[ERROR]   location: class iuh.fit.edu.backend.modules.ai.service.impl.AIChatServiceImpl
[ERROR] /C:/Users/PC/Desktop/wisdom-social/backend/src/main/java/iuh/fit/edu/backend/modules/ai/service/impl/AIChatServiceImpl.java:[41,54] cannot find symbol
[ERROR]   symbol:   class AISummarizeRequest
[ERROR]   location: class iuh.fit.edu.backend.modules.ai.service.impl.AIChatServiceImpl
[ERROR] /C:/Users/PC/Desktop/wisdom-social/backend/src/main/java/iuh/fit/edu/backend/modules/ai/service/impl/AIChatServiceImpl.java:[41,12] cannot find symbol
[ERROR]   symbol:   class AISummarizeResponse
[ERROR]   location: class iuh.fit.edu.backend.modules.ai.service.impl.AIChatServiceImpl
[ERROR] /C:/Users/PC/Desktop/wisdom-social/backend/src/main/java/iuh/fit/edu/backend/modules/ai/service/impl/AIChatServiceImpl.java:[63,48] cannot find symbol
[ERROR]   symbol:   class AISuggestionRequest
[ERROR]   location: class iuh.fit.edu.backend.modules.ai.service.impl.AIChatServiceImpl
[ERROR] /C:/Users/PC/Desktop/wisdom-social/backend/src/main/java/iuh/fit/edu/backend/modules/ai/service/impl/AIChatServiceImpl.java:[63,12] cannot find symbol
[ERROR]   symbol:   class AISuggestionResponse
[ERROR]   location: class iuh.fit.edu.backend.modules.ai.service.impl.AIChatServiceImpl
[ERROR] /C:/Users/PC/Desktop/wisdom-social/backend/src/main/java/iuh/fit/edu/backend/modules/ai/service/impl/AIChatServiceImpl.java:[98,18] cannot find symbol
[ERROR]   symbol:   class MessagePreviewDTO
[ERROR]   location: class iuh.fit.edu.backend.modules.ai.service.impl.AIChatServiceImpl
[ERROR] /C:/Users/PC/Desktop/wisdom-social/backend/src/main/java/iuh/fit/edu/backend/modules/ai/service/impl/AIChatServiceImpl.java:[96,18] cannot find symbol
[ERROR]   symbol:   class MessagePreviewDTO
[ERROR]   location: class iuh.fit.edu.backend.modules.ai.service.impl.AIChatServiceImpl
[ERROR] /C:/Users/PC/Desktop/wisdom-social/backend/src/main/java/iuh/fit/edu/backend/modules/ai/service/impl/AIChatServiceImpl.java:[142,54] cannot find symbol
[ERROR]   symbol:   class MessagePreviewDTO
[ERROR]   location: class iuh.fit.edu.backend.modules.ai.service.impl.AIChatServiceImpl
[ERROR] /C:/Users/PC/Desktop/wisdom-social/backend/src/main/java/iuh/fit/edu/backend/modules/ai/service/impl/AIChatServiceImpl.java:[142,13] cannot find symbol
[ERROR]   symbol:   class MessagePreviewDTO
[ERROR]   location: class iuh.fit.edu.backend.modules.ai.service.impl.AIChatServiceImpl
[ERROR] /C:/Users/PC/Desktop/wisdom-social/backend/src/main/java/iuh/fit/edu/backend/modules/ai/service/impl/AIChatServiceImpl.java:[160,13] cannot find symbol
[ERROR]   symbol:   class MessagePreviewDTO
[ERROR]   location: class iuh.fit.edu.backend.modules.ai.service.impl.AIChatServiceImpl
[ERROR] /C:/Users/PC/Desktop/wisdom-social/backend/src/main/java/iuh/fit/edu/backend/modules/ai/service/impl/AIChatServiceImpl.java:[30,1] cannot find symbol
[ERROR]   symbol:   class UserAIConsentService
[ERROR]   location: class iuh.fit.edu.backend.modules.ai.service.impl.AIChatServiceImpl
[ERROR] /C:/Users/PC/Desktop/wisdom-social/backend/src/main/java/iuh/fit/edu/backend/modules/ai/service/impl/OpenRouterAIProviderService.java:[6,34] package iuh.fit.edu.backend.dto.ai does not exist
[ERROR] /C:/Users/PC/Desktop/wisdom-social/backend/src/main/java/iuh/fit/edu/backend/modules/ai/service/impl/OpenRouterAIProviderService.java:[8,38] package iuh.fit.edu.backend.service.ai does not exist
[ERROR] /C:/Users/PC/Desktop/wisdom-social/backend/src/main/java/iuh/fit/edu/backend/modules/ai/service/impl/OpenRouterAIProviderService.java:[24,53] cannot find symbol
[ERROR]   symbol: class AIProviderService
[ERROR] /C:/Users/PC/Desktop/wisdom-social/backend/src/main/java/iuh/fit/edu/backend/modules/ai/service/impl/OpenRouterAIProviderService.java:[49,40] cannot find symbol
[ERROR]   symbol:   class MessagePreviewDTO
[ERROR]   location: class iuh.fit.edu.backend.modules.ai.service.impl.OpenRouterAIProviderService
[ERROR] /C:/Users/PC/Desktop/wisdom-social/backend/src/main/java/iuh/fit/edu/backend/modules/ai/service/impl/OpenRouterAIProviderService.java:[64,55] cannot find symbol
[ERROR]   symbol:   class MessagePreviewDTO
[ERROR]   location: class iuh.fit.edu.backend.modules.ai.service.impl.OpenRouterAIProviderService
[ERROR] /C:/Users/PC/Desktop/wisdom-social/backend/src/main/java/iuh/fit/edu/backend/modules/ai/service/impl/OpenRouterAIProviderService.java:[194,50] cannot find symbol
[ERROR]   symbol:   class MessagePreviewDTO
[ERROR]   location: class iuh.fit.edu.backend.modules.ai.service.impl.OpenRouterAIProviderService
[ERROR] /C:/Users/PC/Desktop/wisdom-social/backend/src/main/java/iuh/fit/edu/backend/modules/ai/service/impl/UserAIConsentServiceImpl.java:[4,36] package iuh.fit.edu.backend.dto.user does not exist
[ERROR] /C:/Users/PC/Desktop/wisdom-social/backend/src/main/java/iuh/fit/edu/backend/modules/ai/service/impl/UserAIConsentServiceImpl.java:[5,36] package iuh.fit.edu.backend.dto.user does not exist
[ERROR] /C:/Users/PC/Desktop/wisdom-social/backend/src/main/java/iuh/fit/edu/backend/modules/ai/service/impl/UserAIConsentServiceImpl.java:[9,38] package iuh.fit.edu.backend.service.ai does not exist
[ERROR] /C:/Users/PC/Desktop/wisdom-social/backend/src/main/java/iuh/fit/edu/backend/modules/ai/service/impl/UserAIConsentServiceImpl.java:[10,40] package iuh.fit.edu.backend.service.user does not exist
[ERROR] /C:/Users/PC/Desktop/wisdom-social/backend/src/main/java/iuh/fit/edu/backend/modules/ai/service/impl/UserAIConsentServiceImpl.java:[18,50] cannot find symbol
[ERROR]   symbol: class UserAIConsentService
[ERROR] /C:/Users/PC/Desktop/wisdom-social/backend/src/main/java/iuh/fit/edu/backend/modules/ai/service/impl/UserAIConsentServiceImpl.java:[20,19] cannot find symbol
[ERROR]   symbol:   class UserService
[ERROR]   location: class iuh.fit.edu.backend.modules.ai.service.impl.UserAIConsentServiceImpl
[ERROR] /C:/Users/PC/Desktop/wisdom-social/backend/src/main/java/iuh/fit/edu/backend/modules/ai/service/impl/UserAIConsentServiceImpl.java:[24,12] cannot find symbol
[ERROR]   symbol:   class ConfirmAIResponse
[ERROR]   location: class iuh.fit.edu.backend.modules.ai.service.impl.UserAIConsentServiceImpl
[ERROR] /C:/Users/PC/Desktop/wisdom-social/backend/src/main/java/iuh/fit/edu/backend/modules/ai/service/impl/UserAIConsentServiceImpl.java:[32,50] cannot find symbol
[ERROR]   symbol:   class ConfirmAIRequest
[ERROR]   location: class iuh.fit.edu.backend.modules.ai.service.impl.UserAIConsentServiceImpl
[ERROR] /C:/Users/PC/Desktop/wisdom-social/backend/src/main/java/iuh/fit/edu/backend/modules/ai/service/impl/UserAIConsentServiceImpl.java:[32,12] cannot find symbol
[ERROR]   symbol:   class ConfirmAIResponse
[ERROR]   location: class iuh.fit.edu.backend.modules.ai.service.impl.UserAIConsentServiceImpl
[ERROR] /C:/Users/PC/Desktop/wisdom-social/backend/src/main/java/iuh/fit/edu/backend/modules/ai/service/impl/UserAIConsentServiceImpl.java:[17,1] cannot find symbol
[ERROR]   symbol:   class UserService
[ERROR]   location: class iuh.fit.edu.backend.modules.ai.service.impl.UserAIConsentServiceImpl
[ERROR] /C:/Users/PC/Desktop/wisdom-social/backend/src/main/java/iuh/fit/edu/backend/modules/chat/controller/CallSignalingController.java:[3,39] package iuh.fit.edu.backend.dto.request does not exist
[ERROR] /C:/Users/PC/Desktop/wisdom-social/backend/src/main/java/iuh/fit/edu/backend/modules/chat/controller/CallSignalingController.java:[20,30] cannot find symbol
[ERROR]   symbol:   class CallSignalRequest
[ERROR]   location: class iuh.fit.edu.backend.modules.chat.controller.CallSignalingController
[ERROR] /C:/Users/PC/Desktop/wisdom-social/backend/src/main/java/iuh/fit/edu/backend/modules/chat/controller/ChatWebSocketController.java:[7,47] package iuh.fit.edu.backend.dto.request.message does not exist
[ERROR] /C:/Users/PC/Desktop/wisdom-social/backend/src/main/java/iuh/fit/edu/backend/modules/chat/controller/ChatWebSocketController.java:[8,48] package iuh.fit.edu.backend.dto.response.message does not exist
[ERROR] /C:/Users/PC/Desktop/wisdom-social/backend/src/main/java/iuh/fit/edu/backend/modules/chat/controller/ChatWebSocketController.java:[33,22] cannot find symbol
[ERROR]   symbol:   class TypingRequest
[ERROR]   location: class iuh.fit.edu.backend.modules.chat.controller.ChatWebSocketController
[ERROR] /C:/Users/PC/Desktop/wisdom-social/backend/src/main/java/iuh/fit/edu/backend/modules/chat/controller/MessageController.java:[7,47] package iuh.fit.edu.backend.dto.request.message does not exist
[ERROR] /C:/Users/PC/Desktop/wisdom-social/backend/src/main/java/iuh/fit/edu/backend/modules/chat/controller/MessageController.java:[8,39] package iuh.fit.edu.backend.dto.request does not exist
[ERROR] /C:/Users/PC/Desktop/wisdom-social/backend/src/main/java/iuh/fit/edu/backend/modules/chat/controller/MessageController.java:[9,48] package iuh.fit.edu.backend.dto.response.message does not exist
[ERROR] /C:/Users/PC/Desktop/wisdom-social/backend/src/main/java/iuh/fit/edu/backend/modules/chat/controller/MessageController.java:[10,48] package iuh.fit.edu.backend.dto.response.message does not exist
[ERROR] /C:/Users/PC/Desktop/wisdom-social/backend/src/main/java/iuh/fit/edu/backend/modules/chat/controller/MessageController.java:[11,40] package iuh.fit.edu.backend.service.chat does not exist
[ERROR] /C:/Users/PC/Desktop/wisdom-social/backend/src/main/java/iuh/fit/edu/backend/modules/chat/controller/MessageController.java:[12,40] package iuh.fit.edu.backend.service.user does not exist
[ERROR] /C:/Users/PC/Desktop/wisdom-social/backend/src/main/java/iuh/fit/edu/backend/modules/chat/controller/MessageController.java:[29,19] cannot find symbol
[ERROR]   symbol:   class MessageService
[ERROR]   location: class iuh.fit.edu.backend.modules.chat.controller.MessageController
[ERROR] /C:/Users/PC/Desktop/wisdom-social/backend/src/main/java/iuh/fit/edu/backend/modules/chat/controller/MessageController.java:[30,19] cannot find symbol
[ERROR]   symbol:   class UserService
[ERROR]   location: class iuh.fit.edu.backend.modules.chat.controller.MessageController
[ERROR] /C:/Users/PC/Desktop/wisdom-social/backend/src/main/java/iuh/fit/edu/backend/modules/chat/controller/MessageController.java:[32,30] cannot find symbol
[ERROR]   symbol:   class MessageService
[ERROR]   location: class iuh.fit.edu.backend.modules.chat.controller.MessageController
[ERROR] /C:/Users/PC/Desktop/wisdom-social/backend/src/main/java/iuh/fit/edu/backend/modules/chat/controller/MessageController.java:[32,61] cannot find symbol
[ERROR]   symbol:   class UserService
[ERROR]   location: class iuh.fit.edu.backend.modules.chat.controller.MessageController
[ERROR] /C:/Users/PC/Desktop/wisdom-social/backend/src/main/java/iuh/fit/edu/backend/modules/chat/controller/MessageController.java:[39,26] cannot find symbol
[ERROR]   symbol:   class SendMessageRequest
[ERROR]   location: class iuh.fit.edu.backend.modules.chat.controller.MessageController
[ERROR] /C:/Users/PC/Desktop/wisdom-social/backend/src/main/java/iuh/fit/edu/backend/modules/chat/controller/MessageController.java:[38,27] cannot find symbol
[ERROR]   symbol:   class MessageResponse
[ERROR]   location: class iuh.fit.edu.backend.modules.chat.controller.MessageController
[ERROR] /C:/Users/PC/Desktop/wisdom-social/backend/src/main/java/iuh/fit/edu/backend/modules/chat/controller/MessageController.java:[49,26] cannot find symbol
[ERROR]   symbol:   class SendCallMessageRequest
[ERROR]   location: class iuh.fit.edu.backend.modules.chat.controller.MessageController
[ERROR] /C:/Users/PC/Desktop/wisdom-social/backend/src/main/java/iuh/fit/edu/backend/modules/chat/controller/MessageController.java:[48,27] cannot find symbol
[ERROR]   symbol:   class MessageResponse
[ERROR]   location: class iuh.fit.edu.backend.modules.chat.controller.MessageController
[ERROR] /C:/Users/PC/Desktop/wisdom-social/backend/src/main/java/iuh/fit/edu/backend/modules/chat/controller/MessageController.java:[57,27] cannot find symbol
[ERROR]   symbol:   class MessageRecalledResponse
[ERROR]   location: class iuh.fit.edu.backend.modules.chat.controller.MessageController
[ERROR] /C:/Users/PC/Desktop/wisdom-social/backend/src/main/java/iuh/fit/edu/backend/modules/chat/event/payload/MessageCreatedEvent.java:[10,48] package iuh.fit.edu.backend.dto.response.message does not exist
[ERROR] /C:/Users/PC/Desktop/wisdom-social/backend/src/main/java/iuh/fit/edu/backend/modules/chat/event/payload/MessageCreatedEvent.java:[21,19] cannot find symbol
[ERROR]   symbol:   class MessageResponse
[ERROR]   location: class iuh.fit.edu.backend.modules.chat.event.payload.MessageCreatedEvent
[ERROR] /C:/Users/PC/Desktop/wisdom-social/backend/src/main/java/iuh/fit/edu/backend/modules/chat/event/payload/MessageCreatedEvent.java:[25,65] cannot find symbol
[ERROR]   symbol:   class MessageResponse
[ERROR]   location: class iuh.fit.edu.backend.modules.chat.event.payload.MessageCreatedEvent
[ERROR] /C:/Users/PC/Desktop/wisdom-social/backend/src/main/java/iuh/fit/edu/backend/modules/chat/event/payload/MessageCreatedEvent.java:[21,35] cannot find symbol
[ERROR]   symbol:   class MessageResponse
[ERROR]   location: class iuh.fit.edu.backend.modules.chat.event.payload.MessageCreatedEvent
[ERROR] /C:/Users/PC/Desktop/wisdom-social/backend/src/main/java/iuh/fit/edu/backend/modules/chat/event/payload/MessageRecalledEvent.java:[9,48] package iuh.fit.edu.backend.dto.response.message does not exist
[ERROR] /C:/Users/PC/Desktop/wisdom-social/backend/src/main/java/iuh/fit/edu/backend/modules/chat/event/payload/MessageRecalledEvent.java:[21,19] cannot find symbol
[ERROR]   symbol:   class MessageRecalledResponse
[ERROR]   location: class iuh.fit.edu.backend.modules.chat.event.payload.MessageRecalledEvent
[ERROR] /C:/Users/PC/Desktop/wisdom-social/backend/src/main/java/iuh/fit/edu/backend/modules/chat/event/payload/MessageRecalledEvent.java:[26,74] cannot find symbol
[ERROR]   symbol:   class MessageRecalledResponse
[ERROR]   location: class iuh.fit.edu.backend.modules.chat.event.payload.MessageRecalledEvent
[ERROR] /C:/Users/PC/Desktop/wisdom-social/backend/src/main/java/iuh/fit/edu/backend/modules/chat/event/payload/MessageRecalledEvent.java:[21,43] cannot find symbol
[ERROR]   symbol:   class MessageRecalledResponse
[ERROR]   location: class iuh.fit.edu.backend.modules.chat.event.payload.MessageRecalledEvent
[ERROR] /C:/Users/PC/Desktop/wisdom-social/backend/src/main/java/iuh/fit/edu/backend/modules/chat/event/payload/MessageSeenEvent.java:[6,48] package iuh.fit.edu.backend.dto.response.message does not exist
[ERROR] -> [Help 1]
[ERROR] 
[ERROR] To see the full stack trace of the errors, re-run Maven with the -e switch.
[ERROR] Re-run Maven using the -X switch to enable full debug logging.
[ERROR] 
[ERROR] For more information about the errors and possible solutions, please read the following articles:
[ERROR] [Help 1] http://cwiki.apache.org/confluence/display/MAVEN/MojoFailureException
